../Core/Src/main.c:51:6:ST7735_DrawChar	40	static
../Core/Src/main.c:72:6:ST7735_WriteString	32	static
../Core/Src/main.c:88:5:main	24	static
../Core/Src/main.c:146:6:SystemClock_Config	88	static
../Core/Src/main.c:188:13:MX_SPI1_Init	8	static
../Core/Src/main.c:226:13:MX_TIM2_Init	48	static
../Core/Src/main.c:275:13:MX_GPIO_Init	40	static
../Core/Src/main.c:332:6:A0_pin_set	8	static
../Core/Src/main.c:335:6:A0_pin_reset	8	static
../Core/Src/main.c:338:6:RESET_pin_set	8	static
../Core/Src/main.c:341:6:RESET_pin_reset	8	static
../Core/Src/main.c:344:6:ST7735_HW_Reset	8	static
../Core/Src/main.c:354:6:ST7735_WriteCommand	16	static
../Core/Src/main.c:361:6:ST7735_WriteData	16	static
../Core/Src/main.c:367:6:CS_ON	8	static
../Core/Src/main.c:370:6:CS_OFF	8	static
../Core/Src/main.c:373:6:ST7735_Init	8	static
../Core/Src/main.c:390:6:ST7735_SetAddressWindow	24	static
../Core/Src/main.c:405:6:ST7735_FillScreen	24	static
../Core/Src/main.c:412:6:Error_Handler	4	static,ignoring_inline_asm
