../Core/Src/main.c:98:5:main	8	static
../Core/Src/main.c:150:6:SystemClock_Config	88	static
../Core/Src/main.c:208:13:MX_ETH_Init	8	static
../Core/Src/main.c:257:13:MX_TIM4_Init	48	static
../Core/Src/main.c:306:13:MX_TIM5_Init	48	static
../Core/Src/main.c:355:13:MX_USART3_UART_Init	8	static
../Core/Src/main.c:390:13:MX_USB_OTG_FS_PCD_Init	8	static
../Core/Src/main.c:425:13:MX_GPIO_Init	56	static
../Core/Src/main.c:483:6:MPU_Config	24	static
../Core/Src/main.c:514:6:Error_Handler	4	static,ignoring_inline_asm
