C:/Users/leesc/Desktop/rtos-can-bldc-motor-control/01_STM32/02_BLDC_TEST/Drivers/CMSIS/Include/core_cm7.h:1896:22:__NVIC_EnableIRQ	2
C:/Users/leesc/Desktop/rtos-can-bldc-motor-control/01_STM32/02_BLDC_TEST/Drivers/CMSIS/Include/core_cm7.h:2024:22:__NVIC_SetPriority	2
../Core/Src/main.c:194:5:main	1
../Core/Src/main.c:319:6:SystemClock_Config	4
../Core/Src/main.c:377:13:MX_ETH_Init	2
../Core/Src/main.c:433:13:MX_USB_OTG_FS_PCD_Init	2
../Core/Src/main.c:468:13:MX_GPIO_Init	1
../Core/Src/main.c:541:6:get_motor_status	3
../Core/Src/main.c:558:6:ADC_IRQHandler	8
../Core/Src/main.c:683:6:TIM2_IRQHandler	2
../Core/Src/main.c:724:6:StartDefaultTask	1
../Core/Src/main.c:748:6:mControl	1
../Core/Src/main.c:773:6:SPI_T	1
../Core/Src/main.c:796:6:CAN_T	1
../Core/Src/main.c:822:6:UART_T	1
../Core/Src/main.c:842:6:MPU_Config	1
../Core/Src/main.c:873:6:Error_Handler	1
