C:/Users/leesc/Desktop/rtos-can-bldc-motor-control/01_STM32/02_BLDC_TEST/Drivers/CMSIS/Include/core_cm7.h:1896:22:__NVIC_EnableIRQ	16	static
C:/Users/leesc/Desktop/rtos-can-bldc-motor-control/01_STM32/02_BLDC_TEST/Drivers/CMSIS/Include/core_cm7.h:2024:22:__NVIC_SetPriority	16	static
../Core/Src/main.c:194:5:main	16	static
../Core/Src/main.c:319:6:SystemClock_Config	88	static
../Core/Src/main.c:377:13:MX_ETH_Init	8	static
../Core/Src/main.c:433:13:MX_USB_OTG_FS_PCD_Init	8	static
../Core/Src/main.c:468:13:MX_GPIO_Init	56	static
../Core/Src/main.c:541:6:get_motor_status	16	static
../Core/Src/main.c:558:6:ADC_IRQHandler	56	static
../Core/Src/main.c:683:6:TIM2_IRQHandler	16	static
../Core/Src/main.c:724:6:StartDefaultTask	16	static
../Core/Src/main.c:748:6:mControl	16	static
../Core/Src/main.c:773:6:SPI_T	16	static
../Core/Src/main.c:796:6:CAN_T	16	static
../Core/Src/main.c:822:6:UART_T	32	static
../Core/Src/main.c:842:6:MPU_Config	24	static
../Core/Src/main.c:873:6:Error_Handler	4	static,ignoring_inline_asm
